port.c:212:14:pxPortInitialiseStack	24	static
port.c:236:13:prvTaskExitError	8	static
port.c:250:6:SVC_Handler	0	static
port.c:269:13:prvPortStartFirstTask	0	static
port.c:288:12:xPortStartScheduler	8	static
port.c:353:6:vPortEndScheduler	4	static
port.c:361:6:vPortYield	4	static
port.c:372:6:vPortEnterCritical	8	static
port.c:381:6:vPortExitCritical	8	static
port.c:392:33:ulPortSetInterruptMask	0	static
port.c:408:29:vPortClearInterruptMask	0	static
port.c:421:6:PendSV_Handler	0	static
port.c:476:6:SysTick_Handler	8	static
port.c:498:28:vPortSuppressTicksAndSleep	40	static
port.c:631:28:vPortSetupTimerInterrupt	4	static
port.c:648:13:vPortEnableVFP	0	static
