tasks.c:515:12:xTaskGenericCreate	48	static
tasks.c:676:6:vTaskDelete	24	static
tasks.c:749:6:vTaskDelayUntil	32	static
tasks.c:836:6:vTaskDelay	24	static
tasks.c:959:13:uxTaskPriorityGet	24	static
tasks.c:979:6:vTaskPrioritySet	32	static
tasks.c:1130:6:vTaskSuspend	24	static
tasks.c:1213:19:prvTaskIsTaskSuspended	24	static
tasks.c:1255:6:vTaskResume	24	static
tasks.c:1305:12:xTaskResumeFromISR	32	static
tasks.c:1369:6:vTaskStartScheduler	32	static
tasks.c:1440:6:vTaskEndScheduler	8	static
tasks.c:1451:6:vTaskSuspendAll	4	static
tasks.c:1463:19:prvGetExpectedIdleTime	16	static
tasks.c:1487:12:xTaskResumeAll	16	static
tasks.c:1573:12:xTaskGetTickCount	16	static
tasks.c:1586:12:xTaskGetTickCountFromISR	16	static
tasks.c:1614:13:uxTaskGetNumberOfTasks	4	static
tasks.c:1638:13:uxTaskGetSystemState	32	static
tasks.c:1723:6:vTaskStepTick	16	static
tasks.c:1736:12:xTaskIncrementTick	32	static
tasks.c:1978:6:vTaskSwitchContext	16	static
tasks.c:2030:6:vTaskPlaceOnEventList	24	static
tasks.c:2084:6:vTaskPlaceOnUnorderedEventList	32	static
tasks.c:2182:12:xTaskRemoveFromEventList	24	static
tasks.c:2230:12:xTaskRemoveFromUnorderedEventList	24	static
tasks.c:2268:6:vTaskSetTimeOutState	16	static
tasks.c:2276:12:xTaskCheckForTimeOut	24	static
tasks.c:2320:6:vTaskMissedYield	4	static
tasks.c:2328:13:uxTaskGetTaskNumber	24	static
tasks.c:2349:6:vTaskSetTaskNumber	24	static
tasks.c:2372:8:prvIdleTask	24	static
tasks.c:2468:18:eTaskConfirmSleepModeStatus	16	static
tasks.c:2508:13:prvInitialiseTCBVariables	32	static
tasks.c:2601:13:prvInitialiseTaskLists	16	static
tasks.c:2628:13:prvCheckTasksWaitingTermination	16	static
tasks.c:2666:13:prvAddCurrentTaskToDelayedList	16	static
tasks.c:2694:15:prvAllocateTCBAndStack	24	static
tasks.c:2729:20:prvListTaskWithinSingleList	56	static
tasks.c:2805:17:prvTaskCheckFreeStackSpace	24	static
tasks.c:2822:13:uxTaskGetStackHighWaterMark	32	static
tasks.c:2846:13:prvDeleteTCB	16	static
tasks.c:2866:13:prvResetNextTaskUnblockTime	16	static
tasks.c:2892:14:xTaskGetCurrentTaskHandle	16	static
tasks.c:2933:6:vTaskPriorityInherit	24	static
tasks.c:2992:6:vTaskPriorityDisinherit	24	static
tasks.c:3275:12:uxTaskResetEventItemValue	16	static
